---
source: crates/filecommand-tui/tests/snapshot_scrolling.rs
expression: text
---
╔═════════ C:\Users\demo\left ═════════╗
║Name↓        │ Size    Date    Time   ║
║..           │ ▶UP--DI                █
║file00       │ 0                      █
║file01       │ 0                      █
║file02       │ 0                      █
║file03       │ 0                      █
║file04       │ 0                      █
║file05       │ 0                      █
║file06       │ 0                      █
║file07       │ 0                      █
║file08       │ 0                      █
║file09       │ 0                      █
║file10       │ 0                      ░
║file11       │ 0                      ░
║file12       │ 0                      ░
║file13       │ 0                      ░
║file14       │ 0                      ░
║file15       │ 0                      ░
║file16       │ 0                      ░
║file17       │ 0                      ░
╚════════════ ..  UP--DIR ═════════════╝
