---
source: crates/filecommand-tui/tests/snapshot_views.rs
assertion_line: 1118
expression: text
---
╔═════════ C:\Users\demo\left ═════════╗╔════════ C:\Users\demo\right ═══3:04 PM
║Name↓        │ Size    Date    Time   ║║Name↓        │ Size    Date    Time   ║
║..      ╔═══════════════════════════ Help ═══════════════════════════╗        ║
║docs    ║                 FileCommand Version 0.1.0                  ║ 03:0   ║
║Cargo.to║         Copyright (C) 2026 The FileCommand Authors         ║ 03:0   ║
║readme.t║        Inspired by the Norton Commander, 1986-1998         ║ 03:0   ║
║        ╠────────────────────────────────────────────────────────────╣        ║
║        ║ Abo┌─────────────── About FileCommand ────────────────┐    ║        ║
║        ║ Key│                   FileCommand                    │    ║        ║
║        ║ Pan│                  Version 0.1.0                   │    ║        ║
║        ║ Fil│    Copyright (C) 2026 The FileCommand Authors    │    ║        ║
║        ║ Men│   Inspired by the Norton Commander, 1986-1998    │    ║        ║
║        ║ Vie│                                                  │    ║        ║
║        ║ Edi│            License: MIT OR Apache-2.0            │    ║        ║
║        ║ Com│      https://github.com/example/filecommand      │    ║        ║
║        ║ Mod│                        OK                        │    ║        ║
║        ║ Con└──────────────────────────────────────────────────┘    ║        ║
║        ║                                                            ║        ║
║        ╠────────────────────────────────────────────────────────────╣        ║
║        ║                      Help     Cancel                       ║        ║
║        ╚════════════════════════════════════════════════════════════╝        ║
╚═══════════ docs  SUB-DIR ════════════╝╚════════════ ..  UP--DIR ═════════════╝
C:\Users\demo\left>_                                                            
1Help 2Menu 3View 4Edit 5Copy 6RenMov 7Mkdir 8Delete 9PullDn 10Quit
